components/ui/calendar.tsx(9,60): error TS2307: Cannot find module 'react-day-picker' or its corresponding type declarations.
components/ui/calendar.tsx(39,31): error TS7006: Parameter 'date' implicitly has an 'any' type.
components/ui/calendar.tsx(128,18): error TS7031: Binding element 'className' implicitly has an 'any' type.
components/ui/calendar.tsx(128,29): error TS7031: Binding element 'rootRef' implicitly has an 'any' type.
components/ui/calendar.tsx(138,21): error TS7031: Binding element 'className' implicitly has an 'any' type.
components/ui/calendar.tsx(138,32): error TS7031: Binding element 'orientation' implicitly has an 'any' type.
components/ui/calendar.tsx(159,24): error TS7031: Binding element 'children' implicitly has an 'any' type.
components/ui/carousel.tsx(6,8): error TS2307: Cannot find module 'embla-carousel-react' or its corresponding type declarations.
components/ui/chart.tsx(109,3): error TS2339: Property 'payload' does not exist on type 'Omit<Props<ValueType, NameType>, PropertiesReadFromContext> & { active?: boolean | undefined; allowEscapeViewBox?: AllowInDimension | undefined; ... 24 more ...; wrapperStyle?: CSSProperties | undefined; } & ClassAttributes<...> & HTMLAttributes<...> & { ...; }'.
components/ui/chart.tsx(114,3): error TS2339: Property 'label' does not exist on type 'Omit<Props<ValueType, NameType>, PropertiesReadFromContext> & { active?: boolean | undefined; allowEscapeViewBox?: AllowInDimension | undefined; ... 24 more ...; wrapperStyle?: CSSProperties | undefined; } & ClassAttributes<...> & HTMLAttributes<...> & { ...; }'.
components/ui/chart.tsx(182,23): error TS7006: Parameter 'item' implicitly has an 'any' type.
components/ui/chart.tsx(182,29): error TS7006: Parameter 'index' implicitly has an 'any' type.
components/ui/chart.tsx(260,39): error TS2344: Type '"verticalAlign" | "payload"' does not satisfy the constraint '"string" | "media" | "fontFamily" | "filter" | "fill" | "values" | "slot" | "style" | "clipPath" | "mask" | "path" | "key" | "type" | "suppressHydrationWarning" | "className" | ... 434 more ... | "portal"'.
  Type '"payload"' is not assignable to type '"string" | "media" | "fontFamily" | "filter" | "fill" | "values" | "slot" | "style" | "clipPath" | "mask" | "path" | "key" | "type" | "suppressHydrationWarning" | "className" | ... 434 more ... | "portal"'.
components/ui/chart.tsx(266,17): error TS2339: Property 'length' does not exist on type '{}'.
components/ui/chart.tsx(278,16): error TS2339: Property 'map' does not exist on type '{}'.
components/ui/chart.tsx(278,21): error TS7006: Parameter 'item' implicitly has an 'any' type.
components/ui/command.tsx(4,45): error TS2307: Cannot find module 'cmdk' or its corresponding type declarations.
components/ui/drawer.tsx(4,43): error TS2307: Cannot find module 'vaul' or its corresponding type declarations.
components/ui/form.tsx(14,8): error TS2307: Cannot find module 'react-hook-form' or its corresponding type declarations.
components/ui/input-otp.tsx(4,43): error TS2307: Cannot find module 'input-otp' or its corresponding type declarations.
components/ui/input-otp.tsx(47,61): error TS2339: Property 'slots' does not exist on type '{}'.
components/ui/resizable.tsx(5,37): error TS2307: Cannot find module 'react-resizable-panels' or its corresponding type declarations.
components/ui/sonner.tsx(4,49): error TS2307: Cannot find module 'sonner' or its corresponding type declarations.
